2026-08-23T00:00:10.100000Z  INFO areka: areka 起動（ゴースト読み込み開始）
2026-08-23T00:00:12.020000Z DEBUG wintf::ecs::clickthrough::monitor: CursorMonitorBridge started (wintf-cursor-monitor thread spawned)
2026-08-23T00:00:12.030000Z DEBUG wintf::ecs::clickthrough::controller: ClickThroughController started (UI-thread eval loop + cursor worker)
2026-08-23T00:00:13.123742Z  INFO actor{actor=emo-text}: areka_emo_present::presenter::show: apply(ShowSurface): 表示・マスクを更新 target_id=TargetId(1) surface_id=0 cache_hit=false k_ratio=ScaleRatio { num: 2, den: 1 } k=2.0 author_dpi=96 window_dpi=Some((192, 192)) native_w=400 native_h=224 scaled_w=800 scaled_h=448 size_changed=true
2026-08-23T00:00:13.559923Z  INFO actor{actor=emo-text}: areka_emo_present::presenter::show: apply(ShowSurface): 表示・マスクを更新 target_id=TargetId(0) surface_id=1000 cache_hit=false k_ratio=ScaleRatio { num: 2, den: 1 } k=2.0 author_dpi=96 window_dpi=Some((192, 192)) native_w=382 native_h=547 scaled_w=764 scaled_h=1094 size_changed=true
2026-08-23T00:00:14.064512Z DEBUG actor{actor=emo-text}: wintf::transition: [transition] frame=19 t_us=703269 kind=write stage=flush seq=0 hwnd=0x11B04C0 origin=ReportedSizeReconcile scope=0 win_kind=char x=2064 y=610 cx=764 cy=1094 flags=0x14 ax=2064 ay=610 aw=764 ah=1094 call_us=16 ok=true in_batch=true
2026-08-23T00:00:14.065113Z DEBUG actor{actor=emo-text}: wintf::transition: [transition] frame=19 t_us=703863 kind=write stage=flush seq=1 hwnd=0x1709EE origin=BalloonFollow scope=0 win_kind=balloon x=1796 y=352 cx=0 cy=0 flags=0x15 ax=1796 ay=352 aw=800 ah=448 call_us=2 ok=true in_batch=true
2026-08-23T00:00:14.190150Z DEBUG actor{actor=emo-text}: wintf::transition: [transition] frame=19 t_us=705000 kind=msg msg=WM_WINDOWPOSCHANGED hwnd=0x11B04C0 in_swp=false since_flush_us=-
2026-08-23T00:00:20.300000Z DEBUG actor{actor=emo-text}: wintf::ecs::clickthrough::controller: clickthrough: ex-style トグル適用 window=22v0 desired=Transparent
2026-08-23T00:00:20.800000Z DEBUG actor{actor=emo-text}: wintf::ecs::clickthrough::controller: clickthrough: ex-style トグル適用 window=22v0 desired=Opaque
2026-08-23T00:00:22.310000Z DEBUG actor{actor=emo-text}: wintf::transition: [transition] frame=140 t_us=120000 kind=msg msg=WM_WINDOWPOSCHANGED hwnd=0x11B04C0 in_swp=true since_flush_us=1500
2026-08-23T00:00:22.420000Z DEBUG actor{actor=emo-text}: wintf::transition: [transition] frame=141 t_us=131000 kind=write stage=flush seq=0 hwnd=0x11B04C0 origin=- scope=0 win_kind=char x=2144 y=610 cx=0 cy=0 flags=0x15 ax=2144 ay=610 aw=764 ah=1094 call_us=14 ok=true in_batch=true
2026-08-23T00:00:22.421000Z DEBUG actor{actor=emo-text}: wintf::transition: [transition] frame=141 t_us=131600 kind=write stage=flush seq=1 hwnd=0x1709EE origin=BalloonFollow scope=0 win_kind=balloon x=1876 y=352 cx=0 cy=0 flags=0x15 ax=1876 ay=352 aw=800 ah=448 call_us=3 ok=true in_batch=true
2026-08-23T00:00:24.510000Z DEBUG actor{actor=emo-text}: wintf::transition: [transition] frame=200 t_us=210000 kind=msg msg=WM_DPICHANGED hwnd=0x11B04C0 in_swp=true since_flush_us=-
2026-08-23T00:00:24.610000Z DEBUG actor{actor=emo-text}: wintf::transition: [transition] frame=200 t_us=214000 kind=monitor entity=5v0 old_dpi=192 new_dpi=144 old_wa=0,0,2880,1740 new_wa=0,0,2880,1740
2026-08-23T00:00:24.820000Z  INFO actor{actor=emo-text}: areka_emo_present::presenter::show: apply(ShowSurface): 表示・マスクを更新 target_id=TargetId(0) surface_id=1000 cache_hit=false k_ratio=ScaleRatio { num: 3, den: 2 } k=1.5 author_dpi=96 window_dpi=Some((144, 144)) native_w=382 native_h=547 scaled_w=573 scaled_h=821 size_changed=true
2026-08-23T00:00:26.310000Z DEBUG actor{actor=emo-text}: wintf::transition: [transition] frame=260 t_us=310000 kind=msg msg=WM_DPICHANGED hwnd=0x11B04C0 in_swp=true since_flush_us=-
2026-08-23T00:00:26.520000Z  INFO actor{actor=emo-text}: areka_emo_present::presenter::show: apply(ShowSurface): 表示・マスクを更新 target_id=TargetId(0) surface_id=1000 cache_hit=true k_ratio=ScaleRatio { num: 2, den: 1 } k=2.0 author_dpi=96 window_dpi=Some((192, 192)) native_w=382 native_h=547 scaled_w=764 scaled_h=1094 size_changed=true
2026-08-23T00:00:26.700000Z DEBUG actor{actor=emo-text}: wintf::transition: [transition] frame=261 t_us=320000 kind=write stage=flush seq=0 hwnd=0x11B04C0 origin=DpiReproject scope=0 win_kind=char x=2144 y=610 cx=764 cy=1094 flags=0x14 ax=2144 ay=610 aw=764 ah=1094 call_us=18 ok=true in_batch=true
2026-08-23T00:00:26.701000Z DEBUG actor{actor=emo-text}: wintf::transition: [transition] frame=261 t_us=320600 kind=write stage=flush seq=1 hwnd=0x1709EE origin=BalloonFollow scope=0 win_kind=balloon x=1876 y=352 cx=0 cy=0 flags=0x15 ax=1876 ay=352 aw=800 ah=448 call_us=3 ok=true in_batch=true
2026-08-23T00:00:59.900000Z  INFO actor{actor=emo-text}: ghost-shutdown: ghost shutdown sequence completed
