2026-08-14T04:00:00.000000Z INFO areka::placement: 起動時 DPI 構成 primary_dpi=96 shell_author_dpi=96 balloon_author_dpi=96 k_shell=1 k_balloon=1
2026-08-14T04:00:01.000000Z DEBUG actor{actor="emo-text"}: areka_emo_present::presenter::timing: perf(apply_show): 段階別計時 target_id=TargetId(0) surface_id=1000 cache_hit=true t_cache_us=80 t_compose_us=0 t_resample_us=0 t_mask_us=0 t_upload_us=40 t_total_us=120 alloc_compose_dst=0 alloc_resample_dst=0 alloc_xmap=0 alloc_mask=0 key_hash=0x9f3a2b1c4d5e6f70
2026-08-14T04:00:01.000000Z INFO areka_emo_present::presenter::show: apply(ShowSurface): 表示・マスクを更新 target_id=TargetId(0) surface_id=1000 author_dpi=96 window_dpi=96 k=1 k_ratio=1/1 native_w=478 native_h=684 scaled_w=478 scaled_h=684
2026-08-14T04:00:02.000000Z DEBUG actor{actor="emo-text"}: areka_emo_present::presenter::timing: perf(apply_show): 段階別計時 target_id=TargetId(0) surface_id=1000 cache_hit=true t_cache_us=80 t_compose_us=0 t_resample_us=0 t_mask_us=0 t_upload_us=40 t_total_us=120 alloc_compose_dst=0 alloc_resample_dst=0 alloc_xmap=0 alloc_mask=0 key_hash=0x9f3a2b1c4d5e6f70
2026-08-14T04:00:02.000000Z INFO areka_emo_present::presenter::show: apply(ShowSurface): 表示・マスクを更新 target_id=TargetId(0) surface_id=1000 author_dpi=96 window_dpi=96 k=1 k_ratio=1/1 native_w=478 native_h=684 scaled_w=478 scaled_h=684
2026-08-14T04:00:03.000000Z DEBUG actor{actor="emo-text"}: areka_emo_present::presenter::timing: perf(apply_show): 段階別計時 target_id=TargetId(0) surface_id=1000 cache_hit=true t_cache_us=80 t_compose_us=0 t_resample_us=0 t_mask_us=0 t_upload_us=40 t_total_us=120 alloc_compose_dst=0 alloc_resample_dst=0 alloc_xmap=0 alloc_mask=0 key_hash=0x9f3a2b1c4d5e6f70
2026-08-14T04:00:03.000000Z INFO areka_emo_present::presenter::show: apply(ShowSurface): 表示・マスクを更新 target_id=TargetId(0) surface_id=1000 author_dpi=96 window_dpi=96 k=1 k_ratio=1/1 native_w=478 native_h=684 scaled_w=478 scaled_h=684
2026-08-14T04:00:04.000000Z DEBUG actor{actor="emo-text"}: areka_emo_present::presenter::timing: perf(apply_show): 段階別計時 target_id=TargetId(0) surface_id=1000 cache_hit=true t_cache_us=80 t_compose_us=0 t_resample_us=0 t_mask_us=0 t_upload_us=40 t_total_us=120 alloc_compose_dst=0 alloc_resample_dst=0 alloc_xmap=0 alloc_mask=0 key_hash=0x9f3a2b1c4d5e6f70
2026-08-14T04:00:04.000000Z INFO areka_emo_present::presenter::show: apply(ShowSurface): 表示・マスクを更新 target_id=TargetId(0) surface_id=1000 author_dpi=96 window_dpi=96 k=1 k_ratio=1/1 native_w=478 native_h=684 scaled_w=478 scaled_h=684
2026-08-14T04:00:05.000000Z DEBUG actor{actor="emo-text"}: areka_emo_present::presenter::timing: perf(apply_show): 段階別計時 target_id=TargetId(0) surface_id=1000 cache_hit=true t_cache_us=80 t_compose_us=0 t_resample_us=0 t_mask_us=0 t_upload_us=40 t_total_us=120 alloc_compose_dst=0 alloc_resample_dst=0 alloc_xmap=0 alloc_mask=0 key_hash=0x9f3a2b1c4d5e6f70
2026-08-14T04:00:05.000000Z INFO areka_emo_present::presenter::show: apply(ShowSurface): 表示・マスクを更新 target_id=TargetId(0) surface_id=1000 author_dpi=96 window_dpi=96 k=1 k_ratio=1/1 native_w=478 native_h=684 scaled_w=478 scaled_h=684
2026-08-14T04:01:10.000000Z INFO actor{actor=seriko}: areka_seriko::looper: seriko: loop 抽選発火（再生開始・先頭コマから・要件 2.1/2.2） scope="0" slot=Shell animation_id=1400 k=4
2026-08-14T04:01:10.000000Z DEBUG actor{actor="emo-text"}: areka_emo_present::presenter::timing: perf(apply_show): 段階別計時 target_id=TargetId(0) surface_id=1000 cache_hit=true t_cache_us=80 t_compose_us=0 t_resample_us=0 t_mask_us=0 t_upload_us=40 t_total_us=120 alloc_compose_dst=0 alloc_resample_dst=0 alloc_xmap=0 alloc_mask=0 key_hash=0x9f3a2b1c4d5e6f70
2026-08-14T04:01:10.172501Z DEBUG actor{actor="emo-text"}: areka_emo_present::presenter::timing: perf(apply_show): 段階別計時 target_id=TargetId(0) surface_id=1000 cache_hit=true t_cache_us=80 t_compose_us=0 t_resample_us=0 t_mask_us=0 t_upload_us=40 t_total_us=120 alloc_compose_dst=0 alloc_resample_dst=0 alloc_xmap=0 alloc_mask=0 key_hash=0x9f3a2b1c4d5e6f70
2026-08-14T04:01:11.000000Z INFO actor{actor=seriko}: areka_seriko::looper: seriko: loop 抽選発火（再生開始・先頭コマから・要件 2.1/2.2） scope="0" slot=Shell animation_id=1400 k=4
2026-08-14T04:01:11.000000Z DEBUG actor{actor="emo-text"}: areka_emo_present::presenter::timing: perf(apply_show): 段階別計時 target_id=TargetId(0) surface_id=1000 cache_hit=true t_cache_us=80 t_compose_us=0 t_resample_us=0 t_mask_us=0 t_upload_us=40 t_total_us=120 alloc_compose_dst=0 alloc_resample_dst=0 alloc_xmap=0 alloc_mask=0 key_hash=0x9f3a2b1c4d5e6f70
2026-08-14T04:01:11.172501Z DEBUG actor{actor="emo-text"}: areka_emo_present::presenter::timing: perf(apply_show): 段階別計時 target_id=TargetId(0) surface_id=1000 cache_hit=true t_cache_us=80 t_compose_us=0 t_resample_us=0 t_mask_us=0 t_upload_us=40 t_total_us=120 alloc_compose_dst=0 alloc_resample_dst=0 alloc_xmap=0 alloc_mask=0 key_hash=0x9f3a2b1c4d5e6f70
2026-08-14T04:01:12.000000Z INFO actor{actor=seriko}: areka_seriko::looper: seriko: loop 抽選発火（再生開始・先頭コマから・要件 2.1/2.2） scope="0" slot=Shell animation_id=1400 k=4
2026-08-14T04:01:12.000000Z DEBUG actor{actor="emo-text"}: areka_emo_present::presenter::timing: perf(apply_show): 段階別計時 target_id=TargetId(0) surface_id=1000 cache_hit=true t_cache_us=80 t_compose_us=0 t_resample_us=0 t_mask_us=0 t_upload_us=40 t_total_us=120 alloc_compose_dst=0 alloc_resample_dst=0 alloc_xmap=0 alloc_mask=0 key_hash=0x9f3a2b1c4d5e6f70
2026-08-14T04:01:12.172501Z DEBUG actor{actor="emo-text"}: areka_emo_present::presenter::timing: perf(apply_show): 段階別計時 target_id=TargetId(0) surface_id=1000 cache_hit=true t_cache_us=80 t_compose_us=0 t_resample_us=0 t_mask_us=0 t_upload_us=40 t_total_us=120 alloc_compose_dst=0 alloc_resample_dst=0 alloc_xmap=0 alloc_mask=0 key_hash=0x9f3a2b1c4d5e6f70
2026-08-14T04:01:13.000000Z INFO actor{actor=seriko}: areka_seriko::looper: seriko: loop 抽選発火（再生開始・先頭コマから・要件 2.1/2.2） scope="0" slot=Shell animation_id=1400 k=4
2026-08-14T04:01:13.000000Z DEBUG actor{actor="emo-text"}: areka_emo_present::presenter::timing: perf(apply_show): 段階別計時 target_id=TargetId(0) surface_id=1000 cache_hit=true t_cache_us=80 t_compose_us=0 t_resample_us=0 t_mask_us=0 t_upload_us=40 t_total_us=120 alloc_compose_dst=0 alloc_resample_dst=0 alloc_xmap=0 alloc_mask=0 key_hash=0x9f3a2b1c4d5e6f70
2026-08-14T04:01:13.172501Z DEBUG actor{actor="emo-text"}: areka_emo_present::presenter::timing: perf(apply_show): 段階別計時 target_id=TargetId(0) surface_id=1000 cache_hit=true t_cache_us=80 t_compose_us=0 t_resample_us=0 t_mask_us=0 t_upload_us=40 t_total_us=120 alloc_compose_dst=0 alloc_resample_dst=0 alloc_xmap=0 alloc_mask=0 key_hash=0x9f3a2b1c4d5e6f70
2026-08-14T04:01:14.000000Z INFO actor{actor=seriko}: areka_seriko::looper: seriko: loop 抽選発火（再生開始・先頭コマから・要件 2.1/2.2） scope="0" slot=Shell animation_id=1400 k=4
2026-08-14T04:01:14.000000Z DEBUG actor{actor="emo-text"}: areka_emo_present::presenter::timing: perf(apply_show): 段階別計時 target_id=TargetId(0) surface_id=1000 cache_hit=true t_cache_us=80 t_compose_us=0 t_resample_us=0 t_mask_us=0 t_upload_us=40 t_total_us=120 alloc_compose_dst=0 alloc_resample_dst=0 alloc_xmap=0 alloc_mask=0 key_hash=0x9f3a2b1c4d5e6f70
2026-08-14T04:01:14.172501Z DEBUG actor{actor="emo-text"}: areka_emo_present::presenter::timing: perf(apply_show): 段階別計時 target_id=TargetId(0) surface_id=1000 cache_hit=true t_cache_us=80 t_compose_us=0 t_resample_us=0 t_mask_us=0 t_upload_us=40 t_total_us=120 alloc_compose_dst=0 alloc_resample_dst=0 alloc_xmap=0 alloc_mask=0 key_hash=0x9f3a2b1c4d5e6f70
2026-08-14T04:01:15.000000Z INFO actor{actor=seriko}: areka_seriko::looper: seriko: loop 抽選発火（再生開始・先頭コマから・要件 2.1/2.2） scope="0" slot=Shell animation_id=1400 k=4
2026-08-14T04:01:15.000000Z DEBUG actor{actor="emo-text"}: areka_emo_present::presenter::timing: perf(apply_show): 段階別計時 target_id=TargetId(0) surface_id=1000 cache_hit=true t_cache_us=80 t_compose_us=0 t_resample_us=0 t_mask_us=0 t_upload_us=40 t_total_us=120 alloc_compose_dst=0 alloc_resample_dst=0 alloc_xmap=0 alloc_mask=0 key_hash=0x9f3a2b1c4d5e6f70
2026-08-14T04:01:15.172501Z DEBUG actor{actor="emo-text"}: areka_emo_present::presenter::timing: perf(apply_show): 段階別計時 target_id=TargetId(0) surface_id=1000 cache_hit=true t_cache_us=80 t_compose_us=0 t_resample_us=0 t_mask_us=0 t_upload_us=40 t_total_us=120 alloc_compose_dst=0 alloc_resample_dst=0 alloc_xmap=0 alloc_mask=0 key_hash=0x9f3a2b1c4d5e6f70
2026-08-14T04:01:16.000000Z INFO actor{actor=seriko}: areka_seriko::looper: seriko: loop 抽選発火（再生開始・先頭コマから・要件 2.1/2.2） scope="0" slot=Shell animation_id=1400 k=4
2026-08-14T04:01:16.000000Z DEBUG actor{actor="emo-text"}: areka_emo_present::presenter::timing: perf(apply_show): 段階別計時 target_id=TargetId(0) surface_id=1000 cache_hit=true t_cache_us=80 t_compose_us=0 t_resample_us=0 t_mask_us=0 t_upload_us=40 t_total_us=120 alloc_compose_dst=0 alloc_resample_dst=0 alloc_xmap=0 alloc_mask=0 key_hash=0x9f3a2b1c4d5e6f70
2026-08-14T04:01:16.172501Z DEBUG actor{actor="emo-text"}: areka_emo_present::presenter::timing: perf(apply_show): 段階別計時 target_id=TargetId(0) surface_id=1000 cache_hit=true t_cache_us=80 t_compose_us=0 t_resample_us=0 t_mask_us=0 t_upload_us=40 t_total_us=120 alloc_compose_dst=0 alloc_resample_dst=0 alloc_xmap=0 alloc_mask=0 key_hash=0x9f3a2b1c4d5e6f70
2026-08-14T04:01:17.000000Z INFO actor{actor=seriko}: areka_seriko::looper: seriko: loop 抽選発火（再生開始・先頭コマから・要件 2.1/2.2） scope="0" slot=Shell animation_id=1400 k=4
2026-08-14T04:01:17.000000Z DEBUG actor{actor="emo-text"}: areka_emo_present::presenter::timing: perf(apply_show): 段階別計時 target_id=TargetId(0) surface_id=1000 cache_hit=true t_cache_us=80 t_compose_us=0 t_resample_us=0 t_mask_us=0 t_upload_us=40 t_total_us=120 alloc_compose_dst=0 alloc_resample_dst=0 alloc_xmap=0 alloc_mask=0 key_hash=0x9f3a2b1c4d5e6f70
2026-08-14T04:01:17.172501Z DEBUG actor{actor="emo-text"}: areka_emo_present::presenter::timing: perf(apply_show): 段階別計時 target_id=TargetId(0) surface_id=1000 cache_hit=true t_cache_us=80 t_compose_us=0 t_resample_us=0 t_mask_us=0 t_upload_us=40 t_total_us=120 alloc_compose_dst=0 alloc_resample_dst=0 alloc_xmap=0 alloc_mask=0 key_hash=0x9f3a2b1c4d5e6f70
2026-08-14T04:01:18.000000Z INFO actor{actor=seriko}: areka_seriko::looper: seriko: loop 抽選発火（再生開始・先頭コマから・要件 2.1/2.2） scope="0" slot=Shell animation_id=1400 k=4
2026-08-14T04:01:18.000000Z DEBUG actor{actor="emo-text"}: areka_emo_present::presenter::timing: perf(apply_show): 段階別計時 target_id=TargetId(0) surface_id=1000 cache_hit=true t_cache_us=80 t_compose_us=0 t_resample_us=0 t_mask_us=0 t_upload_us=40 t_total_us=120 alloc_compose_dst=0 alloc_resample_dst=0 alloc_xmap=0 alloc_mask=0 key_hash=0x9f3a2b1c4d5e6f70
2026-08-14T04:01:18.172501Z DEBUG actor{actor="emo-text"}: areka_emo_present::presenter::timing: perf(apply_show): 段階別計時 target_id=TargetId(0) surface_id=1000 cache_hit=true t_cache_us=80 t_compose_us=0 t_resample_us=0 t_mask_us=0 t_upload_us=40 t_total_us=120 alloc_compose_dst=0 alloc_resample_dst=0 alloc_xmap=0 alloc_mask=0 key_hash=0x9f3a2b1c4d5e6f70
2026-08-14T04:01:19.000000Z INFO actor{actor=seriko}: areka_seriko::looper: seriko: loop 抽選発火（再生開始・先頭コマから・要件 2.1/2.2） scope="0" slot=Shell animation_id=1400 k=4
2026-08-14T04:01:19.000000Z DEBUG actor{actor="emo-text"}: areka_emo_present::presenter::timing: perf(apply_show): 段階別計時 target_id=TargetId(0) surface_id=1000 cache_hit=true t_cache_us=80 t_compose_us=0 t_resample_us=0 t_mask_us=0 t_upload_us=40 t_total_us=120 alloc_compose_dst=0 alloc_resample_dst=0 alloc_xmap=0 alloc_mask=0 key_hash=0x9f3a2b1c4d5e6f70
2026-08-14T04:01:19.172501Z DEBUG actor{actor="emo-text"}: areka_emo_present::presenter::timing: perf(apply_show): 段階別計時 target_id=TargetId(0) surface_id=1000 cache_hit=true t_cache_us=80 t_compose_us=0 t_resample_us=0 t_mask_us=0 t_upload_us=40 t_total_us=120 alloc_compose_dst=0 alloc_resample_dst=0 alloc_xmap=0 alloc_mask=0 key_hash=0x9f3a2b1c4d5e6f70
2026-08-14T04:01:20.000000Z INFO actor{actor=seriko}: areka_seriko::looper: seriko: loop 抽選発火（再生開始・先頭コマから・要件 2.1/2.2） scope="0" slot=Shell animation_id=1400 k=4
2026-08-14T04:01:20.000000Z DEBUG actor{actor="emo-text"}: areka_emo_present::presenter::timing: perf(apply_show): 段階別計時 target_id=TargetId(0) surface_id=1000 cache_hit=true t_cache_us=80 t_compose_us=0 t_resample_us=0 t_mask_us=0 t_upload_us=40 t_total_us=120 alloc_compose_dst=0 alloc_resample_dst=0 alloc_xmap=0 alloc_mask=0 key_hash=0x9f3a2b1c4d5e6f70
2026-08-14T04:01:20.172501Z DEBUG actor{actor="emo-text"}: areka_emo_present::presenter::timing: perf(apply_show): 段階別計時 target_id=TargetId(0) surface_id=1000 cache_hit=true t_cache_us=80 t_compose_us=0 t_resample_us=0 t_mask_us=0 t_upload_us=40 t_total_us=120 alloc_compose_dst=0 alloc_resample_dst=0 alloc_xmap=0 alloc_mask=0 key_hash=0x9f3a2b1c4d5e6f70
2026-08-14T04:01:21.000000Z INFO actor{actor=seriko}: areka_seriko::looper: seriko: loop 抽選発火（再生開始・先頭コマから・要件 2.1/2.2） scope="0" slot=Shell animation_id=1400 k=4
2026-08-14T04:01:21.000000Z DEBUG actor{actor="emo-text"}: areka_emo_present::presenter::timing: perf(apply_show): 段階別計時 target_id=TargetId(0) surface_id=1000 cache_hit=true t_cache_us=80 t_compose_us=0 t_resample_us=0 t_mask_us=0 t_upload_us=40 t_total_us=120 alloc_compose_dst=0 alloc_resample_dst=0 alloc_xmap=0 alloc_mask=0 key_hash=0x9f3a2b1c4d5e6f70
2026-08-14T04:01:21.172501Z DEBUG actor{actor="emo-text"}: areka_emo_present::presenter::timing: perf(apply_show): 段階別計時 target_id=TargetId(0) surface_id=1000 cache_hit=true t_cache_us=80 t_compose_us=0 t_resample_us=0 t_mask_us=0 t_upload_us=40 t_total_us=120 alloc_compose_dst=0 alloc_resample_dst=0 alloc_xmap=0 alloc_mask=0 key_hash=0x9f3a2b1c4d5e6f70
2026-08-14T04:01:22.000000Z INFO actor{actor=seriko}: areka_seriko::looper: seriko: loop 抽選発火（再生開始・先頭コマから・要件 2.1/2.2） scope="0" slot=Shell animation_id=1400 k=4
2026-08-14T04:01:22.000000Z DEBUG actor{actor="emo-text"}: areka_emo_present::presenter::timing: perf(apply_show): 段階別計時 target_id=TargetId(0) surface_id=1000 cache_hit=true t_cache_us=80 t_compose_us=0 t_resample_us=0 t_mask_us=0 t_upload_us=40 t_total_us=120 alloc_compose_dst=0 alloc_resample_dst=0 alloc_xmap=0 alloc_mask=0 key_hash=0x9f3a2b1c4d5e6f70
2026-08-14T04:01:22.172501Z DEBUG actor{actor="emo-text"}: areka_emo_present::presenter::timing: perf(apply_show): 段階別計時 target_id=TargetId(0) surface_id=1000 cache_hit=true t_cache_us=80 t_compose_us=0 t_resample_us=0 t_mask_us=0 t_upload_us=40 t_total_us=120 alloc_compose_dst=0 alloc_resample_dst=0 alloc_xmap=0 alloc_mask=0 key_hash=0x9f3a2b1c4d5e6f70
2026-08-14T04:01:23.000000Z INFO actor{actor=seriko}: areka_seriko::looper: seriko: loop 抽選発火（再生開始・先頭コマから・要件 2.1/2.2） scope="0" slot=Shell animation_id=1400 k=4
2026-08-14T04:01:23.000000Z DEBUG actor{actor="emo-text"}: areka_emo_present::presenter::timing: perf(apply_show): 段階別計時 target_id=TargetId(0) surface_id=1000 cache_hit=true t_cache_us=80 t_compose_us=0 t_resample_us=0 t_mask_us=0 t_upload_us=40 t_total_us=120 alloc_compose_dst=0 alloc_resample_dst=0 alloc_xmap=0 alloc_mask=0 key_hash=0x9f3a2b1c4d5e6f70
2026-08-14T04:01:23.172501Z DEBUG actor{actor="emo-text"}: areka_emo_present::presenter::timing: perf(apply_show): 段階別計時 target_id=TargetId(0) surface_id=1000 cache_hit=true t_cache_us=80 t_compose_us=0 t_resample_us=0 t_mask_us=0 t_upload_us=40 t_total_us=120 alloc_compose_dst=0 alloc_resample_dst=0 alloc_xmap=0 alloc_mask=0 key_hash=0x9f3a2b1c4d5e6f70
2026-08-14T04:01:24.000000Z INFO actor{actor=seriko}: areka_seriko::looper: seriko: loop 抽選発火（再生開始・先頭コマから・要件 2.1/2.2） scope="0" slot=Shell animation_id=1400 k=4
2026-08-14T04:01:24.000000Z DEBUG actor{actor="emo-text"}: areka_emo_present::presenter::timing: perf(apply_show): 段階別計時 target_id=TargetId(0) surface_id=1000 cache_hit=true t_cache_us=80 t_compose_us=0 t_resample_us=0 t_mask_us=0 t_upload_us=40 t_total_us=120 alloc_compose_dst=0 alloc_resample_dst=0 alloc_xmap=0 alloc_mask=0 key_hash=0x9f3a2b1c4d5e6f70
2026-08-14T04:01:24.172501Z DEBUG actor{actor="emo-text"}: areka_emo_present::presenter::timing: perf(apply_show): 段階別計時 target_id=TargetId(0) surface_id=1000 cache_hit=true t_cache_us=80 t_compose_us=0 t_resample_us=0 t_mask_us=0 t_upload_us=40 t_total_us=120 alloc_compose_dst=0 alloc_resample_dst=0 alloc_xmap=0 alloc_mask=0 key_hash=0x9f3a2b1c4d5e6f70
2026-08-14T04:01:25.000000Z INFO actor{actor=seriko}: areka_seriko::looper: seriko: loop 抽選発火（再生開始・先頭コマから・要件 2.1/2.2） scope="0" slot=Shell animation_id=1400 k=4
2026-08-14T04:01:25.000000Z DEBUG actor{actor="emo-text"}: areka_emo_present::presenter::timing: perf(apply_show): 段階別計時 target_id=TargetId(0) surface_id=1000 cache_hit=true t_cache_us=80 t_compose_us=0 t_resample_us=0 t_mask_us=0 t_upload_us=40 t_total_us=120 alloc_compose_dst=0 alloc_resample_dst=0 alloc_xmap=0 alloc_mask=0 key_hash=0x9f3a2b1c4d5e6f70
2026-08-14T04:01:25.172501Z DEBUG actor{actor="emo-text"}: areka_emo_present::presenter::timing: perf(apply_show): 段階別計時 target_id=TargetId(0) surface_id=1000 cache_hit=true t_cache_us=80 t_compose_us=0 t_resample_us=0 t_mask_us=0 t_upload_us=40 t_total_us=120 alloc_compose_dst=0 alloc_resample_dst=0 alloc_xmap=0 alloc_mask=0 key_hash=0x9f3a2b1c4d5e6f70
2026-08-14T04:01:26.000000Z INFO actor{actor=seriko}: areka_seriko::looper: seriko: loop 抽選発火（再生開始・先頭コマから・要件 2.1/2.2） scope="0" slot=Shell animation_id=1400 k=4
2026-08-14T04:01:26.000000Z DEBUG actor{actor="emo-text"}: areka_emo_present::presenter::timing: perf(apply_show): 段階別計時 target_id=TargetId(0) surface_id=1000 cache_hit=true t_cache_us=80 t_compose_us=0 t_resample_us=0 t_mask_us=0 t_upload_us=40 t_total_us=120 alloc_compose_dst=0 alloc_resample_dst=0 alloc_xmap=0 alloc_mask=0 key_hash=0x9f3a2b1c4d5e6f70
2026-08-14T04:01:26.172501Z DEBUG actor{actor="emo-text"}: areka_emo_present::presenter::timing: perf(apply_show): 段階別計時 target_id=TargetId(0) surface_id=1000 cache_hit=true t_cache_us=80 t_compose_us=0 t_resample_us=0 t_mask_us=0 t_upload_us=40 t_total_us=120 alloc_compose_dst=0 alloc_resample_dst=0 alloc_xmap=0 alloc_mask=0 key_hash=0x9f3a2b1c4d5e6f70
2026-08-14T04:01:27.000000Z INFO actor{actor=seriko}: areka_seriko::looper: seriko: loop 抽選発火（再生開始・先頭コマから・要件 2.1/2.2） scope="0" slot=Shell animation_id=1400 k=4
2026-08-14T04:01:27.000000Z DEBUG actor{actor="emo-text"}: areka_emo_present::presenter::timing: perf(apply_show): 段階別計時 target_id=TargetId(0) surface_id=1000 cache_hit=true t_cache_us=80 t_compose_us=0 t_resample_us=0 t_mask_us=0 t_upload_us=40 t_total_us=120 alloc_compose_dst=0 alloc_resample_dst=0 alloc_xmap=0 alloc_mask=0 key_hash=0x9f3a2b1c4d5e6f70
2026-08-14T04:01:27.172501Z DEBUG actor{actor="emo-text"}: areka_emo_present::presenter::timing: perf(apply_show): 段階別計時 target_id=TargetId(0) surface_id=1000 cache_hit=true t_cache_us=80 t_compose_us=0 t_resample_us=0 t_mask_us=0 t_upload_us=40 t_total_us=120 alloc_compose_dst=0 alloc_resample_dst=0 alloc_xmap=0 alloc_mask=0 key_hash=0x9f3a2b1c4d5e6f70
2026-08-14T04:01:28.000000Z INFO actor{actor=seriko}: areka_seriko::looper: seriko: loop 抽選発火（再生開始・先頭コマから・要件 2.1/2.2） scope="0" slot=Shell animation_id=1400 k=4
2026-08-14T04:01:28.000000Z DEBUG actor{actor="emo-text"}: areka_emo_present::presenter::timing: perf(apply_show): 段階別計時 target_id=TargetId(0) surface_id=1000 cache_hit=true t_cache_us=80 t_compose_us=0 t_resample_us=0 t_mask_us=0 t_upload_us=40 t_total_us=120 alloc_compose_dst=0 alloc_resample_dst=0 alloc_xmap=0 alloc_mask=0 key_hash=0x9f3a2b1c4d5e6f70
2026-08-14T04:01:28.172501Z DEBUG actor{actor="emo-text"}: areka_emo_present::presenter::timing: perf(apply_show): 段階別計時 target_id=TargetId(0) surface_id=1000 cache_hit=true t_cache_us=80 t_compose_us=0 t_resample_us=0 t_mask_us=0 t_upload_us=40 t_total_us=120 alloc_compose_dst=0 alloc_resample_dst=0 alloc_xmap=0 alloc_mask=0 key_hash=0x9f3a2b1c4d5e6f70
2026-08-14T04:01:29.000000Z INFO actor{actor=seriko}: areka_seriko::looper: seriko: loop 抽選発火（再生開始・先頭コマから・要件 2.1/2.2） scope="0" slot=Shell animation_id=1400 k=4
2026-08-14T04:01:29.000000Z DEBUG actor{actor="emo-text"}: areka_emo_present::presenter::timing: perf(apply_show): 段階別計時 target_id=TargetId(0) surface_id=1000 cache_hit=true t_cache_us=80 t_compose_us=0 t_resample_us=0 t_mask_us=0 t_upload_us=40 t_total_us=120 alloc_compose_dst=0 alloc_resample_dst=0 alloc_xmap=0 alloc_mask=0 key_hash=0x9f3a2b1c4d5e6f70
2026-08-14T04:01:29.172501Z DEBUG actor{actor="emo-text"}: areka_emo_present::presenter::timing: perf(apply_show): 段階別計時 target_id=TargetId(0) surface_id=1000 cache_hit=true t_cache_us=80 t_compose_us=0 t_resample_us=0 t_mask_us=0 t_upload_us=40 t_total_us=120 alloc_compose_dst=0 alloc_resample_dst=0 alloc_xmap=0 alloc_mask=0 key_hash=0x9f3a2b1c4d5e6f70
2026-08-14T04:01:30.000000Z INFO actor{actor=seriko}: areka_seriko::looper: seriko: loop 抽選発火（再生開始・先頭コマから・要件 2.1/2.2） scope="0" slot=Shell animation_id=1400 k=4
2026-08-14T04:01:30.000000Z DEBUG actor{actor="emo-text"}: areka_emo_present::presenter::timing: perf(apply_show): 段階別計時 target_id=TargetId(0) surface_id=1000 cache_hit=true t_cache_us=80 t_compose_us=0 t_resample_us=0 t_mask_us=0 t_upload_us=40 t_total_us=120 alloc_compose_dst=0 alloc_resample_dst=0 alloc_xmap=0 alloc_mask=0 key_hash=0x9f3a2b1c4d5e6f70
2026-08-14T04:01:30.172501Z DEBUG actor{actor="emo-text"}: areka_emo_present::presenter::timing: perf(apply_show): 段階別計時 target_id=TargetId(0) surface_id=1000 cache_hit=true t_cache_us=80 t_compose_us=0 t_resample_us=0 t_mask_us=0 t_upload_us=40 t_total_us=120 alloc_compose_dst=0 alloc_resample_dst=0 alloc_xmap=0 alloc_mask=0 key_hash=0x9f3a2b1c4d5e6f70
2026-08-14T04:01:31.000000Z INFO actor{actor=seriko}: areka_seriko::looper: seriko: loop 抽選発火（再生開始・先頭コマから・要件 2.1/2.2） scope="0" slot=Shell animation_id=1400 k=4
2026-08-14T04:01:31.000000Z DEBUG actor{actor="emo-text"}: areka_emo_present::presenter::timing: perf(apply_show): 段階別計時 target_id=TargetId(0) surface_id=1000 cache_hit=true t_cache_us=80 t_compose_us=0 t_resample_us=0 t_mask_us=0 t_upload_us=40 t_total_us=120 alloc_compose_dst=0 alloc_resample_dst=0 alloc_xmap=0 alloc_mask=0 key_hash=0x9f3a2b1c4d5e6f70
2026-08-14T04:01:31.172501Z DEBUG actor{actor="emo-text"}: areka_emo_present::presenter::timing: perf(apply_show): 段階別計時 target_id=TargetId(0) surface_id=1000 cache_hit=true t_cache_us=80 t_compose_us=0 t_resample_us=0 t_mask_us=0 t_upload_us=40 t_total_us=120 alloc_compose_dst=0 alloc_resample_dst=0 alloc_xmap=0 alloc_mask=0 key_hash=0x9f3a2b1c4d5e6f70
2026-08-14T04:01:32.000000Z INFO actor{actor=seriko}: areka_seriko::looper: seriko: loop 抽選発火（再生開始・先頭コマから・要件 2.1/2.2） scope="0" slot=Shell animation_id=1400 k=4
2026-08-14T04:01:32.000000Z DEBUG actor{actor="emo-text"}: areka_emo_present::presenter::timing: perf(apply_show): 段階別計時 target_id=TargetId(0) surface_id=1000 cache_hit=true t_cache_us=80 t_compose_us=0 t_resample_us=0 t_mask_us=0 t_upload_us=40 t_total_us=120 alloc_compose_dst=0 alloc_resample_dst=0 alloc_xmap=0 alloc_mask=0 key_hash=0x9f3a2b1c4d5e6f70
2026-08-14T04:01:32.172501Z DEBUG actor{actor="emo-text"}: areka_emo_present::presenter::timing: perf(apply_show): 段階別計時 target_id=TargetId(0) surface_id=1000 cache_hit=true t_cache_us=80 t_compose_us=0 t_resample_us=0 t_mask_us=0 t_upload_us=40 t_total_us=120 alloc_compose_dst=0 alloc_resample_dst=0 alloc_xmap=0 alloc_mask=0 key_hash=0x9f3a2b1c4d5e6f70
2026-08-14T04:01:33.000000Z INFO actor{actor=seriko}: areka_seriko::looper: seriko: loop 抽選発火（再生開始・先頭コマから・要件 2.1/2.2） scope="0" slot=Shell animation_id=1400 k=4
2026-08-14T04:01:33.000000Z DEBUG actor{actor="emo-text"}: areka_emo_present::presenter::timing: perf(apply_show): 段階別計時 target_id=TargetId(0) surface_id=1000 cache_hit=true t_cache_us=80 t_compose_us=0 t_resample_us=0 t_mask_us=0 t_upload_us=40 t_total_us=120 alloc_compose_dst=0 alloc_resample_dst=0 alloc_xmap=0 alloc_mask=0 key_hash=0x9f3a2b1c4d5e6f70
2026-08-14T04:01:33.172501Z DEBUG actor{actor="emo-text"}: areka_emo_present::presenter::timing: perf(apply_show): 段階別計時 target_id=TargetId(0) surface_id=1000 cache_hit=true t_cache_us=80 t_compose_us=0 t_resample_us=0 t_mask_us=0 t_upload_us=40 t_total_us=120 alloc_compose_dst=0 alloc_resample_dst=0 alloc_xmap=0 alloc_mask=0 key_hash=0x9f3a2b1c4d5e6f70
2026-08-14T04:01:34.000000Z INFO actor{actor=seriko}: areka_seriko::looper: seriko: loop 抽選発火（再生開始・先頭コマから・要件 2.1/2.2） scope="0" slot=Shell animation_id=1400 k=4
2026-08-14T04:01:34.000000Z DEBUG actor{actor="emo-text"}: areka_emo_present::presenter::timing: perf(apply_show): 段階別計時 target_id=TargetId(0) surface_id=1000 cache_hit=true t_cache_us=80 t_compose_us=0 t_resample_us=0 t_mask_us=0 t_upload_us=40 t_total_us=120 alloc_compose_dst=0 alloc_resample_dst=0 alloc_xmap=0 alloc_mask=0 key_hash=0x9f3a2b1c4d5e6f70
2026-08-14T04:01:34.172501Z DEBUG actor{actor="emo-text"}: areka_emo_present::presenter::timing: perf(apply_show): 段階別計時 target_id=TargetId(0) surface_id=1000 cache_hit=true t_cache_us=80 t_compose_us=0 t_resample_us=0 t_mask_us=0 t_upload_us=40 t_total_us=120 alloc_compose_dst=0 alloc_resample_dst=0 alloc_xmap=0 alloc_mask=0 key_hash=0x9f3a2b1c4d5e6f70
2026-08-14T04:01:35.000000Z INFO actor{actor=seriko}: areka_seriko::looper: seriko: loop 抽選発火（再生開始・先頭コマから・要件 2.1/2.2） scope="0" slot=Shell animation_id=1400 k=4
2026-08-14T04:01:35.000000Z DEBUG actor{actor="emo-text"}: areka_emo_present::presenter::timing: perf(apply_show): 段階別計時 target_id=TargetId(0) surface_id=1000 cache_hit=true t_cache_us=80 t_compose_us=0 t_resample_us=0 t_mask_us=0 t_upload_us=40 t_total_us=120 alloc_compose_dst=0 alloc_resample_dst=0 alloc_xmap=0 alloc_mask=0 key_hash=0x9f3a2b1c4d5e6f70
2026-08-14T04:01:35.172501Z DEBUG actor{actor="emo-text"}: areka_emo_present::presenter::timing: perf(apply_show): 段階別計時 target_id=TargetId(0) surface_id=1000 cache_hit=true t_cache_us=80 t_compose_us=0 t_resample_us=0 t_mask_us=0 t_upload_us=40 t_total_us=120 alloc_compose_dst=0 alloc_resample_dst=0 alloc_xmap=0 alloc_mask=0 key_hash=0x9f3a2b1c4d5e6f70
2026-08-14T04:01:36.000000Z INFO actor{actor=seriko}: areka_seriko::looper: seriko: loop 抽選発火（再生開始・先頭コマから・要件 2.1/2.2） scope="0" slot=Shell animation_id=1400 k=4
2026-08-14T04:01:36.000000Z DEBUG actor{actor="emo-text"}: areka_emo_present::presenter::timing: perf(apply_show): 段階別計時 target_id=TargetId(0) surface_id=1000 cache_hit=true t_cache_us=80 t_compose_us=0 t_resample_us=0 t_mask_us=0 t_upload_us=40 t_total_us=120 alloc_compose_dst=0 alloc_resample_dst=0 alloc_xmap=0 alloc_mask=0 key_hash=0x9f3a2b1c4d5e6f70
2026-08-14T04:01:36.172501Z DEBUG actor{actor="emo-text"}: areka_emo_present::presenter::timing: perf(apply_show): 段階別計時 target_id=TargetId(0) surface_id=1000 cache_hit=true t_cache_us=80 t_compose_us=0 t_resample_us=0 t_mask_us=0 t_upload_us=40 t_total_us=120 alloc_compose_dst=0 alloc_resample_dst=0 alloc_xmap=0 alloc_mask=0 key_hash=0x9f3a2b1c4d5e6f70
2026-08-14T04:01:37.000000Z INFO actor{actor=seriko}: areka_seriko::looper: seriko: loop 抽選発火（再生開始・先頭コマから・要件 2.1/2.2） scope="0" slot=Shell animation_id=1400 k=4
2026-08-14T04:01:37.000000Z DEBUG actor{actor="emo-text"}: areka_emo_present::presenter::timing: perf(apply_show): 段階別計時 target_id=TargetId(0) surface_id=1000 cache_hit=true t_cache_us=80 t_compose_us=0 t_resample_us=0 t_mask_us=0 t_upload_us=40 t_total_us=120 alloc_compose_dst=0 alloc_resample_dst=0 alloc_xmap=0 alloc_mask=0 key_hash=0x9f3a2b1c4d5e6f70
2026-08-14T04:01:37.172501Z DEBUG actor{actor="emo-text"}: areka_emo_present::presenter::timing: perf(apply_show): 段階別計時 target_id=TargetId(0) surface_id=1000 cache_hit=true t_cache_us=80 t_compose_us=0 t_resample_us=0 t_mask_us=0 t_upload_us=40 t_total_us=120 alloc_compose_dst=0 alloc_resample_dst=0 alloc_xmap=0 alloc_mask=0 key_hash=0x9f3a2b1c4d5e6f70
2026-08-14T04:01:38.000000Z INFO actor{actor=seriko}: areka_seriko::looper: seriko: loop 抽選発火（再生開始・先頭コマから・要件 2.1/2.2） scope="0" slot=Shell animation_id=1400 k=4
2026-08-14T04:01:38.000000Z DEBUG actor{actor="emo-text"}: areka_emo_present::presenter::timing: perf(apply_show): 段階別計時 target_id=TargetId(0) surface_id=1000 cache_hit=true t_cache_us=80 t_compose_us=0 t_resample_us=0 t_mask_us=0 t_upload_us=40 t_total_us=120 alloc_compose_dst=0 alloc_resample_dst=0 alloc_xmap=0 alloc_mask=0 key_hash=0x9f3a2b1c4d5e6f70
2026-08-14T04:01:38.172501Z DEBUG actor{actor="emo-text"}: areka_emo_present::presenter::timing: perf(apply_show): 段階別計時 target_id=TargetId(0) surface_id=1000 cache_hit=true t_cache_us=80 t_compose_us=0 t_resample_us=0 t_mask_us=0 t_upload_us=40 t_total_us=120 alloc_compose_dst=0 alloc_resample_dst=0 alloc_xmap=0 alloc_mask=0 key_hash=0x9f3a2b1c4d5e6f70
2026-08-14T04:01:39.000000Z INFO actor{actor=seriko}: areka_seriko::looper: seriko: loop 抽選発火（再生開始・先頭コマから・要件 2.1/2.2） scope="0" slot=Shell animation_id=1400 k=4
2026-08-14T04:01:39.000000Z DEBUG actor{actor="emo-text"}: areka_emo_present::presenter::timing: perf(apply_show): 段階別計時 target_id=TargetId(0) surface_id=1000 cache_hit=true t_cache_us=80 t_compose_us=0 t_resample_us=0 t_mask_us=0 t_upload_us=40 t_total_us=120 alloc_compose_dst=0 alloc_resample_dst=0 alloc_xmap=0 alloc_mask=0 key_hash=0x9f3a2b1c4d5e6f70
2026-08-14T04:01:39.172501Z DEBUG actor{actor="emo-text"}: areka_emo_present::presenter::timing: perf(apply_show): 段階別計時 target_id=TargetId(0) surface_id=1000 cache_hit=true t_cache_us=80 t_compose_us=0 t_resample_us=0 t_mask_us=0 t_upload_us=40 t_total_us=120 alloc_compose_dst=0 alloc_resample_dst=0 alloc_xmap=0 alloc_mask=0 key_hash=0x9f3a2b1c4d5e6f70
2026-08-14T04:01:40.000000Z INFO actor{actor=seriko}: areka_seriko::looper: seriko: loop 抽選発火（再生開始・先頭コマから・要件 2.1/2.2） scope="0" slot=Shell animation_id=1400 k=4
2026-08-14T04:01:40.000000Z DEBUG actor{actor="emo-text"}: areka_emo_present::presenter::timing: perf(apply_show): 段階別計時 target_id=TargetId(0) surface_id=1000 cache_hit=true t_cache_us=80 t_compose_us=0 t_resample_us=0 t_mask_us=0 t_upload_us=40 t_total_us=120 alloc_compose_dst=0 alloc_resample_dst=0 alloc_xmap=0 alloc_mask=0 key_hash=0x9f3a2b1c4d5e6f70
2026-08-14T04:01:40.172501Z DEBUG actor{actor="emo-text"}: areka_emo_present::presenter::timing: perf(apply_show): 段階別計時 target_id=TargetId(0) surface_id=1000 cache_hit=true t_cache_us=80 t_compose_us=0 t_resample_us=0 t_mask_us=0 t_upload_us=40 t_total_us=120 alloc_compose_dst=0 alloc_resample_dst=0 alloc_xmap=0 alloc_mask=0 key_hash=0x9f3a2b1c4d5e6f70
2026-08-14T04:01:41.000000Z INFO actor{actor=seriko}: areka_seriko::looper: seriko: loop 抽選発火（再生開始・先頭コマから・要件 2.1/2.2） scope="0" slot=Shell animation_id=1400 k=4
2026-08-14T04:01:41.000000Z DEBUG actor{actor="emo-text"}: areka_emo_present::presenter::timing: perf(apply_show): 段階別計時 target_id=TargetId(0) surface_id=1000 cache_hit=true t_cache_us=80 t_compose_us=0 t_resample_us=0 t_mask_us=0 t_upload_us=40 t_total_us=120 alloc_compose_dst=0 alloc_resample_dst=0 alloc_xmap=0 alloc_mask=0 key_hash=0x9f3a2b1c4d5e6f70
2026-08-14T04:01:41.172501Z DEBUG actor{actor="emo-text"}: areka_emo_present::presenter::timing: perf(apply_show): 段階別計時 target_id=TargetId(0) surface_id=1000 cache_hit=true t_cache_us=80 t_compose_us=0 t_resample_us=0 t_mask_us=0 t_upload_us=40 t_total_us=120 alloc_compose_dst=0 alloc_resample_dst=0 alloc_xmap=0 alloc_mask=0 key_hash=0x9f3a2b1c4d5e6f70
2026-08-14T04:01:42.000000Z INFO actor{actor=seriko}: areka_seriko::looper: seriko: loop 抽選発火（再生開始・先頭コマから・要件 2.1/2.2） scope="0" slot=Shell animation_id=1400 k=4
2026-08-14T04:01:42.000000Z DEBUG actor{actor="emo-text"}: areka_emo_present::presenter::timing: perf(apply_show): 段階別計時 target_id=TargetId(0) surface_id=1000 cache_hit=true t_cache_us=80 t_compose_us=0 t_resample_us=0 t_mask_us=0 t_upload_us=40 t_total_us=120 alloc_compose_dst=0 alloc_resample_dst=0 alloc_xmap=0 alloc_mask=0 key_hash=0x9f3a2b1c4d5e6f70
2026-08-14T04:01:42.172501Z DEBUG actor{actor="emo-text"}: areka_emo_present::presenter::timing: perf(apply_show): 段階別計時 target_id=TargetId(0) surface_id=1000 cache_hit=true t_cache_us=80 t_compose_us=0 t_resample_us=0 t_mask_us=0 t_upload_us=40 t_total_us=120 alloc_compose_dst=0 alloc_resample_dst=0 alloc_xmap=0 alloc_mask=0 key_hash=0x9f3a2b1c4d5e6f70
2026-08-14T04:01:43.000000Z INFO actor{actor=seriko}: areka_seriko::looper: seriko: loop 抽選発火（再生開始・先頭コマから・要件 2.1/2.2） scope="0" slot=Shell animation_id=1400 k=4
2026-08-14T04:01:43.000000Z DEBUG actor{actor="emo-text"}: areka_emo_present::presenter::timing: perf(apply_show): 段階別計時 target_id=TargetId(0) surface_id=1000 cache_hit=true t_cache_us=80 t_compose_us=0 t_resample_us=0 t_mask_us=0 t_upload_us=40 t_total_us=120 alloc_compose_dst=0 alloc_resample_dst=0 alloc_xmap=0 alloc_mask=0 key_hash=0x9f3a2b1c4d5e6f70
2026-08-14T04:01:43.172501Z DEBUG actor{actor="emo-text"}: areka_emo_present::presenter::timing: perf(apply_show): 段階別計時 target_id=TargetId(0) surface_id=1000 cache_hit=true t_cache_us=80 t_compose_us=0 t_resample_us=0 t_mask_us=0 t_upload_us=40 t_total_us=120 alloc_compose_dst=0 alloc_resample_dst=0 alloc_xmap=0 alloc_mask=0 key_hash=0x9f3a2b1c4d5e6f70
2026-08-14T04:01:44.000000Z INFO actor{actor=seriko}: areka_seriko::looper: seriko: loop 抽選発火（再生開始・先頭コマから・要件 2.1/2.2） scope="0" slot=Shell animation_id=1400 k=4
2026-08-14T04:01:44.000000Z DEBUG actor{actor="emo-text"}: areka_emo_present::presenter::timing: perf(apply_show): 段階別計時 target_id=TargetId(0) surface_id=1000 cache_hit=true t_cache_us=80 t_compose_us=0 t_resample_us=0 t_mask_us=0 t_upload_us=40 t_total_us=120 alloc_compose_dst=0 alloc_resample_dst=0 alloc_xmap=0 alloc_mask=0 key_hash=0x9f3a2b1c4d5e6f70
2026-08-14T04:01:44.172501Z DEBUG actor{actor="emo-text"}: areka_emo_present::presenter::timing: perf(apply_show): 段階別計時 target_id=TargetId(0) surface_id=1000 cache_hit=true t_cache_us=80 t_compose_us=0 t_resample_us=0 t_mask_us=0 t_upload_us=40 t_total_us=120 alloc_compose_dst=0 alloc_resample_dst=0 alloc_xmap=0 alloc_mask=0 key_hash=0x9f3a2b1c4d5e6f70
2026-08-14T04:01:45.000000Z INFO actor{actor=seriko}: areka_seriko::looper: seriko: loop 抽選発火（再生開始・先頭コマから・要件 2.1/2.2） scope="0" slot=Shell animation_id=1400 k=4
2026-08-14T04:01:45.000000Z DEBUG actor{actor="emo-text"}: areka_emo_present::presenter::timing: perf(apply_show): 段階別計時 target_id=TargetId(0) surface_id=1000 cache_hit=true t_cache_us=80 t_compose_us=0 t_resample_us=0 t_mask_us=0 t_upload_us=40 t_total_us=120 alloc_compose_dst=0 alloc_resample_dst=0 alloc_xmap=0 alloc_mask=0 key_hash=0x9f3a2b1c4d5e6f70
2026-08-14T04:01:45.172501Z DEBUG actor{actor="emo-text"}: areka_emo_present::presenter::timing: perf(apply_show): 段階別計時 target_id=TargetId(0) surface_id=1000 cache_hit=true t_cache_us=80 t_compose_us=0 t_resample_us=0 t_mask_us=0 t_upload_us=40 t_total_us=120 alloc_compose_dst=0 alloc_resample_dst=0 alloc_xmap=0 alloc_mask=0 key_hash=0x9f3a2b1c4d5e6f70
2026-08-14T04:01:46.000000Z INFO actor{actor=seriko}: areka_seriko::looper: seriko: loop 抽選発火（再生開始・先頭コマから・要件 2.1/2.2） scope="0" slot=Shell animation_id=1400 k=4
2026-08-14T04:01:46.000000Z DEBUG actor{actor="emo-text"}: areka_emo_present::presenter::timing: perf(apply_show): 段階別計時 target_id=TargetId(0) surface_id=1000 cache_hit=true t_cache_us=80 t_compose_us=0 t_resample_us=0 t_mask_us=0 t_upload_us=40 t_total_us=120 alloc_compose_dst=0 alloc_resample_dst=0 alloc_xmap=0 alloc_mask=0 key_hash=0x9f3a2b1c4d5e6f70
2026-08-14T04:01:46.172501Z DEBUG actor{actor="emo-text"}: areka_emo_present::presenter::timing: perf(apply_show): 段階別計時 target_id=TargetId(0) surface_id=1000 cache_hit=true t_cache_us=80 t_compose_us=0 t_resample_us=0 t_mask_us=0 t_upload_us=40 t_total_us=120 alloc_compose_dst=0 alloc_resample_dst=0 alloc_xmap=0 alloc_mask=0 key_hash=0x9f3a2b1c4d5e6f70
2026-08-14T04:01:47.000000Z INFO actor{actor=seriko}: areka_seriko::looper: seriko: loop 抽選発火（再生開始・先頭コマから・要件 2.1/2.2） scope="0" slot=Shell animation_id=1400 k=4
2026-08-14T04:01:47.000000Z DEBUG actor{actor="emo-text"}: areka_emo_present::presenter::timing: perf(apply_show): 段階別計時 target_id=TargetId(0) surface_id=1000 cache_hit=true t_cache_us=80 t_compose_us=0 t_resample_us=0 t_mask_us=0 t_upload_us=40 t_total_us=120 alloc_compose_dst=0 alloc_resample_dst=0 alloc_xmap=0 alloc_mask=0 key_hash=0x9f3a2b1c4d5e6f70
2026-08-14T04:01:47.172501Z DEBUG actor{actor="emo-text"}: areka_emo_present::presenter::timing: perf(apply_show): 段階別計時 target_id=TargetId(0) surface_id=1000 cache_hit=true t_cache_us=80 t_compose_us=0 t_resample_us=0 t_mask_us=0 t_upload_us=40 t_total_us=120 alloc_compose_dst=0 alloc_resample_dst=0 alloc_xmap=0 alloc_mask=0 key_hash=0x9f3a2b1c4d5e6f70
2026-08-14T04:01:48.000000Z INFO actor{actor=seriko}: areka_seriko::looper: seriko: loop 抽選発火（再生開始・先頭コマから・要件 2.1/2.2） scope="0" slot=Shell animation_id=1400 k=4
2026-08-14T04:01:48.000000Z DEBUG actor{actor="emo-text"}: areka_emo_present::presenter::timing: perf(apply_show): 段階別計時 target_id=TargetId(0) surface_id=1000 cache_hit=true t_cache_us=80 t_compose_us=0 t_resample_us=0 t_mask_us=0 t_upload_us=40 t_total_us=120 alloc_compose_dst=0 alloc_resample_dst=0 alloc_xmap=0 alloc_mask=0 key_hash=0x9f3a2b1c4d5e6f70
2026-08-14T04:01:48.172501Z DEBUG actor{actor="emo-text"}: areka_emo_present::presenter::timing: perf(apply_show): 段階別計時 target_id=TargetId(0) surface_id=1000 cache_hit=true t_cache_us=80 t_compose_us=0 t_resample_us=0 t_mask_us=0 t_upload_us=40 t_total_us=120 alloc_compose_dst=0 alloc_resample_dst=0 alloc_xmap=0 alloc_mask=0 key_hash=0x9f3a2b1c4d5e6f70
2026-08-14T04:01:49.000000Z INFO actor{actor=seriko}: areka_seriko::looper: seriko: loop 抽選発火（再生開始・先頭コマから・要件 2.1/2.2） scope="0" slot=Shell animation_id=1400 k=4
2026-08-14T04:01:49.000000Z DEBUG actor{actor="emo-text"}: areka_emo_present::presenter::timing: perf(apply_show): 段階別計時 target_id=TargetId(0) surface_id=1000 cache_hit=true t_cache_us=80 t_compose_us=0 t_resample_us=0 t_mask_us=0 t_upload_us=40 t_total_us=120 alloc_compose_dst=0 alloc_resample_dst=0 alloc_xmap=0 alloc_mask=0 key_hash=0x9f3a2b1c4d5e6f70
2026-08-14T04:01:49.172501Z DEBUG actor{actor="emo-text"}: areka_emo_present::presenter::timing: perf(apply_show): 段階別計時 target_id=TargetId(0) surface_id=1000 cache_hit=true t_cache_us=80 t_compose_us=0 t_resample_us=0 t_mask_us=0 t_upload_us=40 t_total_us=120 alloc_compose_dst=0 alloc_resample_dst=0 alloc_xmap=0 alloc_mask=0 key_hash=0x9f3a2b1c4d5e6f70
2026-08-14T04:01:50.000000Z INFO actor{actor=seriko}: areka_seriko::looper: seriko: loop 抽選発火（再生開始・先頭コマから・要件 2.1/2.2） scope="0" slot=Shell animation_id=1400 k=4
2026-08-14T04:01:50.000000Z DEBUG actor{actor="emo-text"}: areka_emo_present::presenter::timing: perf(apply_show): 段階別計時 target_id=TargetId(0) surface_id=1000 cache_hit=true t_cache_us=80 t_compose_us=0 t_resample_us=0 t_mask_us=0 t_upload_us=40 t_total_us=120 alloc_compose_dst=0 alloc_resample_dst=0 alloc_xmap=0 alloc_mask=0 key_hash=0x9f3a2b1c4d5e6f70
2026-08-14T04:01:50.172501Z DEBUG actor{actor="emo-text"}: areka_emo_present::presenter::timing: perf(apply_show): 段階別計時 target_id=TargetId(0) surface_id=1000 cache_hit=true t_cache_us=80 t_compose_us=0 t_resample_us=0 t_mask_us=0 t_upload_us=40 t_total_us=120 alloc_compose_dst=0 alloc_resample_dst=0 alloc_xmap=0 alloc_mask=0 key_hash=0x9f3a2b1c4d5e6f70
2026-08-14T04:01:51.000000Z INFO actor{actor=seriko}: areka_seriko::looper: seriko: loop 抽選発火（再生開始・先頭コマから・要件 2.1/2.2） scope="0" slot=Shell animation_id=1400 k=4
2026-08-14T04:01:51.000000Z DEBUG actor{actor="emo-text"}: areka_emo_present::presenter::timing: perf(apply_show): 段階別計時 target_id=TargetId(0) surface_id=1000 cache_hit=true t_cache_us=80 t_compose_us=0 t_resample_us=0 t_mask_us=0 t_upload_us=40 t_total_us=120 alloc_compose_dst=0 alloc_resample_dst=0 alloc_xmap=0 alloc_mask=0 key_hash=0x9f3a2b1c4d5e6f70
2026-08-14T04:01:51.172501Z DEBUG actor{actor="emo-text"}: areka_emo_present::presenter::timing: perf(apply_show): 段階別計時 target_id=TargetId(0) surface_id=1000 cache_hit=true t_cache_us=80 t_compose_us=0 t_resample_us=0 t_mask_us=0 t_upload_us=40 t_total_us=120 alloc_compose_dst=0 alloc_resample_dst=0 alloc_xmap=0 alloc_mask=0 key_hash=0x9f3a2b1c4d5e6f70
2026-08-14T04:01:52.000000Z INFO actor{actor=seriko}: areka_seriko::looper: seriko: loop 抽選発火（再生開始・先頭コマから・要件 2.1/2.2） scope="0" slot=Shell animation_id=1400 k=4
2026-08-14T04:01:52.000000Z DEBUG actor{actor="emo-text"}: areka_emo_present::presenter::timing: perf(apply_show): 段階別計時 target_id=TargetId(0) surface_id=1000 cache_hit=true t_cache_us=80 t_compose_us=0 t_resample_us=0 t_mask_us=0 t_upload_us=40 t_total_us=120 alloc_compose_dst=0 alloc_resample_dst=0 alloc_xmap=0 alloc_mask=0 key_hash=0x9f3a2b1c4d5e6f70
2026-08-14T04:01:52.172501Z DEBUG actor{actor="emo-text"}: areka_emo_present::presenter::timing: perf(apply_show): 段階別計時 target_id=TargetId(0) surface_id=1000 cache_hit=true t_cache_us=80 t_compose_us=0 t_resample_us=0 t_mask_us=0 t_upload_us=40 t_total_us=120 alloc_compose_dst=0 alloc_resample_dst=0 alloc_xmap=0 alloc_mask=0 key_hash=0x9f3a2b1c4d5e6f70
2026-08-14T04:01:53.000000Z INFO actor{actor=seriko}: areka_seriko::looper: seriko: loop 抽選発火（再生開始・先頭コマから・要件 2.1/2.2） scope="0" slot=Shell animation_id=1400 k=4
2026-08-14T04:01:53.000000Z DEBUG actor{actor="emo-text"}: areka_emo_present::presenter::timing: perf(apply_show): 段階別計時 target_id=TargetId(0) surface_id=1000 cache_hit=true t_cache_us=80 t_compose_us=0 t_resample_us=0 t_mask_us=0 t_upload_us=40 t_total_us=120 alloc_compose_dst=0 alloc_resample_dst=0 alloc_xmap=0 alloc_mask=0 key_hash=0x9f3a2b1c4d5e6f70
2026-08-14T04:01:53.172501Z DEBUG actor{actor="emo-text"}: areka_emo_present::presenter::timing: perf(apply_show): 段階別計時 target_id=TargetId(0) surface_id=1000 cache_hit=true t_cache_us=80 t_compose_us=0 t_resample_us=0 t_mask_us=0 t_upload_us=40 t_total_us=120 alloc_compose_dst=0 alloc_resample_dst=0 alloc_xmap=0 alloc_mask=0 key_hash=0x9f3a2b1c4d5e6f70
2026-08-14T04:01:54.000000Z INFO actor{actor=seriko}: areka_seriko::looper: seriko: loop 抽選発火（再生開始・先頭コマから・要件 2.1/2.2） scope="0" slot=Shell animation_id=1400 k=4
2026-08-14T04:01:54.000000Z DEBUG actor{actor="emo-text"}: areka_emo_present::presenter::timing: perf(apply_show): 段階別計時 target_id=TargetId(0) surface_id=1000 cache_hit=true t_cache_us=80 t_compose_us=0 t_resample_us=0 t_mask_us=0 t_upload_us=40 t_total_us=120 alloc_compose_dst=0 alloc_resample_dst=0 alloc_xmap=0 alloc_mask=0 key_hash=0x9f3a2b1c4d5e6f70
2026-08-14T04:01:54.172501Z DEBUG actor{actor="emo-text"}: areka_emo_present::presenter::timing: perf(apply_show): 段階別計時 target_id=TargetId(0) surface_id=1000 cache_hit=true t_cache_us=80 t_compose_us=0 t_resample_us=0 t_mask_us=0 t_upload_us=40 t_total_us=120 alloc_compose_dst=0 alloc_resample_dst=0 alloc_xmap=0 alloc_mask=0 key_hash=0x9f3a2b1c4d5e6f70
2026-08-14T04:01:55.000000Z INFO actor{actor=seriko}: areka_seriko::looper: seriko: loop 抽選発火（再生開始・先頭コマから・要件 2.1/2.2） scope="0" slot=Shell animation_id=1400 k=4
2026-08-14T04:01:55.000000Z DEBUG actor{actor="emo-text"}: areka_emo_present::presenter::timing: perf(apply_show): 段階別計時 target_id=TargetId(0) surface_id=1000 cache_hit=true t_cache_us=80 t_compose_us=0 t_resample_us=0 t_mask_us=0 t_upload_us=40 t_total_us=120 alloc_compose_dst=0 alloc_resample_dst=0 alloc_xmap=0 alloc_mask=0 key_hash=0x9f3a2b1c4d5e6f70
2026-08-14T04:01:55.172501Z DEBUG actor{actor="emo-text"}: areka_emo_present::presenter::timing: perf(apply_show): 段階別計時 target_id=TargetId(0) surface_id=1000 cache_hit=true t_cache_us=80 t_compose_us=0 t_resample_us=0 t_mask_us=0 t_upload_us=40 t_total_us=120 alloc_compose_dst=0 alloc_resample_dst=0 alloc_xmap=0 alloc_mask=0 key_hash=0x9f3a2b1c4d5e6f70
2026-08-14T04:01:56.000000Z INFO actor{actor=seriko}: areka_seriko::looper: seriko: loop 抽選発火（再生開始・先頭コマから・要件 2.1/2.2） scope="0" slot=Shell animation_id=1400 k=4
2026-08-14T04:01:56.000000Z DEBUG actor{actor="emo-text"}: areka_emo_present::presenter::timing: perf(apply_show): 段階別計時 target_id=TargetId(0) surface_id=1000 cache_hit=true t_cache_us=80 t_compose_us=0 t_resample_us=0 t_mask_us=0 t_upload_us=40 t_total_us=120 alloc_compose_dst=0 alloc_resample_dst=0 alloc_xmap=0 alloc_mask=0 key_hash=0x9f3a2b1c4d5e6f70
2026-08-14T04:01:56.172501Z DEBUG actor{actor="emo-text"}: areka_emo_present::presenter::timing: perf(apply_show): 段階別計時 target_id=TargetId(0) surface_id=1000 cache_hit=true t_cache_us=80 t_compose_us=0 t_resample_us=0 t_mask_us=0 t_upload_us=40 t_total_us=120 alloc_compose_dst=0 alloc_resample_dst=0 alloc_xmap=0 alloc_mask=0 key_hash=0x9f3a2b1c4d5e6f70
2026-08-14T04:01:57.000000Z INFO actor{actor=seriko}: areka_seriko::looper: seriko: loop 抽選発火（再生開始・先頭コマから・要件 2.1/2.2） scope="0" slot=Shell animation_id=1400 k=4
2026-08-14T04:01:57.000000Z DEBUG actor{actor="emo-text"}: areka_emo_present::presenter::timing: perf(apply_show): 段階別計時 target_id=TargetId(0) surface_id=1000 cache_hit=true t_cache_us=80 t_compose_us=0 t_resample_us=0 t_mask_us=0 t_upload_us=40 t_total_us=120 alloc_compose_dst=0 alloc_resample_dst=0 alloc_xmap=0 alloc_mask=0 key_hash=0x9f3a2b1c4d5e6f70
2026-08-14T04:01:57.172501Z DEBUG actor{actor="emo-text"}: areka_emo_present::presenter::timing: perf(apply_show): 段階別計時 target_id=TargetId(0) surface_id=1000 cache_hit=true t_cache_us=80 t_compose_us=0 t_resample_us=0 t_mask_us=0 t_upload_us=40 t_total_us=120 alloc_compose_dst=0 alloc_resample_dst=0 alloc_xmap=0 alloc_mask=0 key_hash=0x9f3a2b1c4d5e6f70
2026-08-14T04:01:58.000000Z INFO actor{actor=seriko}: areka_seriko::looper: seriko: loop 抽選発火（再生開始・先頭コマから・要件 2.1/2.2） scope="0" slot=Shell animation_id=1400 k=4
2026-08-14T04:01:58.000000Z DEBUG actor{actor="emo-text"}: areka_emo_present::presenter::timing: perf(apply_show): 段階別計時 target_id=TargetId(0) surface_id=1000 cache_hit=true t_cache_us=80 t_compose_us=0 t_resample_us=0 t_mask_us=0 t_upload_us=40 t_total_us=120 alloc_compose_dst=0 alloc_resample_dst=0 alloc_xmap=0 alloc_mask=0 key_hash=0x9f3a2b1c4d5e6f70
2026-08-14T04:01:58.172501Z DEBUG actor{actor="emo-text"}: areka_emo_present::presenter::timing: perf(apply_show): 段階別計時 target_id=TargetId(0) surface_id=1000 cache_hit=true t_cache_us=80 t_compose_us=0 t_resample_us=0 t_mask_us=0 t_upload_us=40 t_total_us=120 alloc_compose_dst=0 alloc_resample_dst=0 alloc_xmap=0 alloc_mask=0 key_hash=0x9f3a2b1c4d5e6f70
2026-08-14T04:01:59.000000Z INFO actor{actor=seriko}: areka_seriko::looper: seriko: loop 抽選発火（再生開始・先頭コマから・要件 2.1/2.2） scope="0" slot=Shell animation_id=1400 k=4
2026-08-14T04:01:59.000000Z DEBUG actor{actor="emo-text"}: areka_emo_present::presenter::timing: perf(apply_show): 段階別計時 target_id=TargetId(0) surface_id=1000 cache_hit=true t_cache_us=80 t_compose_us=0 t_resample_us=0 t_mask_us=0 t_upload_us=40 t_total_us=120 alloc_compose_dst=0 alloc_resample_dst=0 alloc_xmap=0 alloc_mask=0 key_hash=0x9f3a2b1c4d5e6f70
2026-08-14T04:01:59.172501Z DEBUG actor{actor="emo-text"}: areka_emo_present::presenter::timing: perf(apply_show): 段階別計時 target_id=TargetId(0) surface_id=1000 cache_hit=true t_cache_us=80 t_compose_us=0 t_resample_us=0 t_mask_us=0 t_upload_us=40 t_total_us=120 alloc_compose_dst=0 alloc_resample_dst=0 alloc_xmap=0 alloc_mask=0 key_hash=0x9f3a2b1c4d5e6f70
2026-08-14T04:02:00.000000Z INFO actor{actor=seriko}: areka_seriko::looper: seriko: loop 抽選発火（再生開始・先頭コマから・要件 2.1/2.2） scope="0" slot=Shell animation_id=1400 k=4
2026-08-14T04:02:00.000000Z DEBUG actor{actor="emo-text"}: areka_emo_present::presenter::timing: perf(apply_show): 段階別計時 target_id=TargetId(0) surface_id=1000 cache_hit=true t_cache_us=80 t_compose_us=0 t_resample_us=0 t_mask_us=0 t_upload_us=40 t_total_us=120 alloc_compose_dst=0 alloc_resample_dst=0 alloc_xmap=0 alloc_mask=0 key_hash=0x9f3a2b1c4d5e6f70
2026-08-14T04:02:00.172501Z DEBUG actor{actor="emo-text"}: areka_emo_present::presenter::timing: perf(apply_show): 段階別計時 target_id=TargetId(0) surface_id=1000 cache_hit=true t_cache_us=80 t_compose_us=0 t_resample_us=0 t_mask_us=0 t_upload_us=40 t_total_us=120 alloc_compose_dst=0 alloc_resample_dst=0 alloc_xmap=0 alloc_mask=0 key_hash=0x9f3a2b1c4d5e6f70
2026-08-14T04:02:01.000000Z INFO actor{actor=seriko}: areka_seriko::looper: seriko: loop 抽選発火（再生開始・先頭コマから・要件 2.1/2.2） scope="0" slot=Shell animation_id=1400 k=4
2026-08-14T04:02:01.000000Z DEBUG actor{actor="emo-text"}: areka_emo_present::presenter::timing: perf(apply_show): 段階別計時 target_id=TargetId(0) surface_id=1000 cache_hit=true t_cache_us=80 t_compose_us=0 t_resample_us=0 t_mask_us=0 t_upload_us=40 t_total_us=120 alloc_compose_dst=0 alloc_resample_dst=0 alloc_xmap=0 alloc_mask=0 key_hash=0x9f3a2b1c4d5e6f70
2026-08-14T04:02:01.172501Z DEBUG actor{actor="emo-text"}: areka_emo_present::presenter::timing: perf(apply_show): 段階別計時 target_id=TargetId(0) surface_id=1000 cache_hit=true t_cache_us=80 t_compose_us=0 t_resample_us=0 t_mask_us=0 t_upload_us=40 t_total_us=120 alloc_compose_dst=0 alloc_resample_dst=0 alloc_xmap=0 alloc_mask=0 key_hash=0x9f3a2b1c4d5e6f70
2026-08-14T04:02:02.000000Z INFO actor{actor=seriko}: areka_seriko::looper: seriko: loop 抽選発火（再生開始・先頭コマから・要件 2.1/2.2） scope="0" slot=Shell animation_id=1400 k=4
2026-08-14T04:02:02.000000Z DEBUG actor{actor="emo-text"}: areka_emo_present::presenter::timing: perf(apply_show): 段階別計時 target_id=TargetId(0) surface_id=1000 cache_hit=true t_cache_us=80 t_compose_us=0 t_resample_us=0 t_mask_us=0 t_upload_us=40 t_total_us=120 alloc_compose_dst=0 alloc_resample_dst=0 alloc_xmap=0 alloc_mask=0 key_hash=0x9f3a2b1c4d5e6f70
2026-08-14T04:02:02.172501Z DEBUG actor{actor="emo-text"}: areka_emo_present::presenter::timing: perf(apply_show): 段階別計時 target_id=TargetId(0) surface_id=1000 cache_hit=true t_cache_us=80 t_compose_us=0 t_resample_us=0 t_mask_us=0 t_upload_us=40 t_total_us=120 alloc_compose_dst=0 alloc_resample_dst=0 alloc_xmap=0 alloc_mask=0 key_hash=0x9f3a2b1c4d5e6f70
2026-08-14T04:02:03.000000Z INFO actor{actor=seriko}: areka_seriko::looper: seriko: loop 抽選発火（再生開始・先頭コマから・要件 2.1/2.2） scope="0" slot=Shell animation_id=1400 k=4
2026-08-14T04:02:03.000000Z DEBUG actor{actor="emo-text"}: areka_emo_present::presenter::timing: perf(apply_show): 段階別計時 target_id=TargetId(0) surface_id=1000 cache_hit=true t_cache_us=80 t_compose_us=0 t_resample_us=0 t_mask_us=0 t_upload_us=40 t_total_us=120 alloc_compose_dst=0 alloc_resample_dst=0 alloc_xmap=0 alloc_mask=0 key_hash=0x9f3a2b1c4d5e6f70
2026-08-14T04:02:03.172501Z DEBUG actor{actor="emo-text"}: areka_emo_present::presenter::timing: perf(apply_show): 段階別計時 target_id=TargetId(0) surface_id=1000 cache_hit=true t_cache_us=80 t_compose_us=0 t_resample_us=0 t_mask_us=0 t_upload_us=40 t_total_us=120 alloc_compose_dst=0 alloc_resample_dst=0 alloc_xmap=0 alloc_mask=0 key_hash=0x9f3a2b1c4d5e6f70
2026-08-14T04:02:04.000000Z INFO actor{actor=seriko}: areka_seriko::looper: seriko: loop 抽選発火（再生開始・先頭コマから・要件 2.1/2.2） scope="0" slot=Shell animation_id=1400 k=4
2026-08-14T04:02:04.000000Z DEBUG actor{actor="emo-text"}: areka_emo_present::presenter::timing: perf(apply_show): 段階別計時 target_id=TargetId(0) surface_id=1000 cache_hit=true t_cache_us=80 t_compose_us=0 t_resample_us=0 t_mask_us=0 t_upload_us=40 t_total_us=120 alloc_compose_dst=0 alloc_resample_dst=0 alloc_xmap=0 alloc_mask=0 key_hash=0x9f3a2b1c4d5e6f70
2026-08-14T04:02:04.172501Z DEBUG actor{actor="emo-text"}: areka_emo_present::presenter::timing: perf(apply_show): 段階別計時 target_id=TargetId(0) surface_id=1000 cache_hit=true t_cache_us=80 t_compose_us=0 t_resample_us=0 t_mask_us=0 t_upload_us=40 t_total_us=120 alloc_compose_dst=0 alloc_resample_dst=0 alloc_xmap=0 alloc_mask=0 key_hash=0x9f3a2b1c4d5e6f70
2026-08-14T04:02:05.000000Z INFO actor{actor=seriko}: areka_seriko::looper: seriko: loop 抽選発火（再生開始・先頭コマから・要件 2.1/2.2） scope="0" slot=Shell animation_id=1400 k=4
2026-08-14T04:02:05.000000Z DEBUG actor{actor="emo-text"}: areka_emo_present::presenter::timing: perf(apply_show): 段階別計時 target_id=TargetId(0) surface_id=1000 cache_hit=true t_cache_us=80 t_compose_us=0 t_resample_us=0 t_mask_us=0 t_upload_us=40 t_total_us=120 alloc_compose_dst=0 alloc_resample_dst=0 alloc_xmap=0 alloc_mask=0 key_hash=0x9f3a2b1c4d5e6f70
2026-08-14T04:02:05.172501Z DEBUG actor{actor="emo-text"}: areka_emo_present::presenter::timing: perf(apply_show): 段階別計時 target_id=TargetId(0) surface_id=1000 cache_hit=true t_cache_us=80 t_compose_us=0 t_resample_us=0 t_mask_us=0 t_upload_us=40 t_total_us=120 alloc_compose_dst=0 alloc_resample_dst=0 alloc_xmap=0 alloc_mask=0 key_hash=0x9f3a2b1c4d5e6f70
2026-08-14T04:02:06.000000Z INFO actor{actor=seriko}: areka_seriko::looper: seriko: loop 抽選発火（再生開始・先頭コマから・要件 2.1/2.2） scope="0" slot=Shell animation_id=1400 k=4
2026-08-14T04:02:06.000000Z DEBUG actor{actor="emo-text"}: areka_emo_present::presenter::timing: perf(apply_show): 段階別計時 target_id=TargetId(0) surface_id=1000 cache_hit=true t_cache_us=80 t_compose_us=0 t_resample_us=0 t_mask_us=0 t_upload_us=40 t_total_us=120 alloc_compose_dst=0 alloc_resample_dst=0 alloc_xmap=0 alloc_mask=0 key_hash=0x9f3a2b1c4d5e6f70
2026-08-14T04:02:06.172501Z DEBUG actor{actor="emo-text"}: areka_emo_present::presenter::timing: perf(apply_show): 段階別計時 target_id=TargetId(0) surface_id=1000 cache_hit=true t_cache_us=80 t_compose_us=0 t_resample_us=0 t_mask_us=0 t_upload_us=40 t_total_us=120 alloc_compose_dst=0 alloc_resample_dst=0 alloc_xmap=0 alloc_mask=0 key_hash=0x9f3a2b1c4d5e6f70
2026-08-14T04:02:07.000000Z INFO actor{actor=seriko}: areka_seriko::looper: seriko: loop 抽選発火（再生開始・先頭コマから・要件 2.1/2.2） scope="0" slot=Shell animation_id=1400 k=4
2026-08-14T04:02:07.000000Z DEBUG actor{actor="emo-text"}: areka_emo_present::presenter::timing: perf(apply_show): 段階別計時 target_id=TargetId(0) surface_id=1000 cache_hit=true t_cache_us=80 t_compose_us=0 t_resample_us=0 t_mask_us=0 t_upload_us=40 t_total_us=120 alloc_compose_dst=0 alloc_resample_dst=0 alloc_xmap=0 alloc_mask=0 key_hash=0x9f3a2b1c4d5e6f70
2026-08-14T04:02:07.172501Z DEBUG actor{actor="emo-text"}: areka_emo_present::presenter::timing: perf(apply_show): 段階別計時 target_id=TargetId(0) surface_id=1000 cache_hit=true t_cache_us=80 t_compose_us=0 t_resample_us=0 t_mask_us=0 t_upload_us=40 t_total_us=120 alloc_compose_dst=0 alloc_resample_dst=0 alloc_xmap=0 alloc_mask=0 key_hash=0x9f3a2b1c4d5e6f70
2026-08-14T04:02:08.000000Z INFO actor{actor=seriko}: areka_seriko::looper: seriko: loop 抽選発火（再生開始・先頭コマから・要件 2.1/2.2） scope="0" slot=Shell animation_id=1400 k=4
2026-08-14T04:02:08.000000Z DEBUG actor{actor="emo-text"}: areka_emo_present::presenter::timing: perf(apply_show): 段階別計時 target_id=TargetId(0) surface_id=1000 cache_hit=true t_cache_us=80 t_compose_us=0 t_resample_us=0 t_mask_us=0 t_upload_us=40 t_total_us=120 alloc_compose_dst=0 alloc_resample_dst=0 alloc_xmap=0 alloc_mask=0 key_hash=0x9f3a2b1c4d5e6f70
2026-08-14T04:02:08.172501Z DEBUG actor{actor="emo-text"}: areka_emo_present::presenter::timing: perf(apply_show): 段階別計時 target_id=TargetId(0) surface_id=1000 cache_hit=true t_cache_us=80 t_compose_us=0 t_resample_us=0 t_mask_us=0 t_upload_us=40 t_total_us=120 alloc_compose_dst=0 alloc_resample_dst=0 alloc_xmap=0 alloc_mask=0 key_hash=0x9f3a2b1c4d5e6f70
2026-08-14T04:02:09.000000Z INFO actor{actor=seriko}: areka_seriko::looper: seriko: loop 抽選発火（再生開始・先頭コマから・要件 2.1/2.2） scope="0" slot=Shell animation_id=1400 k=4
2026-08-14T04:02:09.000000Z DEBUG actor{actor="emo-text"}: areka_emo_present::presenter::timing: perf(apply_show): 段階別計時 target_id=TargetId(0) surface_id=1000 cache_hit=true t_cache_us=80 t_compose_us=0 t_resample_us=0 t_mask_us=0 t_upload_us=40 t_total_us=120 alloc_compose_dst=0 alloc_resample_dst=0 alloc_xmap=0 alloc_mask=0 key_hash=0x9f3a2b1c4d5e6f70
2026-08-14T04:02:09.172501Z DEBUG actor{actor="emo-text"}: areka_emo_present::presenter::timing: perf(apply_show): 段階別計時 target_id=TargetId(0) surface_id=1000 cache_hit=true t_cache_us=80 t_compose_us=0 t_resample_us=0 t_mask_us=0 t_upload_us=40 t_total_us=120 alloc_compose_dst=0 alloc_resample_dst=0 alloc_xmap=0 alloc_mask=0 key_hash=0x9f3a2b1c4d5e6f70
2026-08-14T04:02:10.000000Z INFO actor{actor=seriko}: areka_seriko::looper: seriko: loop 抽選発火（再生開始・先頭コマから・要件 2.1/2.2） scope="0" slot=Shell animation_id=1400 k=4
2026-08-14T04:02:10.000000Z DEBUG actor{actor="emo-text"}: areka_emo_present::presenter::timing: perf(apply_show): 段階別計時 target_id=TargetId(0) surface_id=1000 cache_hit=true t_cache_us=80 t_compose_us=0 t_resample_us=0 t_mask_us=0 t_upload_us=40 t_total_us=120 alloc_compose_dst=0 alloc_resample_dst=0 alloc_xmap=0 alloc_mask=0 key_hash=0x9f3a2b1c4d5e6f70
2026-08-14T04:02:10.172501Z DEBUG actor{actor="emo-text"}: areka_emo_present::presenter::timing: perf(apply_show): 段階別計時 target_id=TargetId(0) surface_id=1000 cache_hit=true t_cache_us=80 t_compose_us=0 t_resample_us=0 t_mask_us=0 t_upload_us=40 t_total_us=120 alloc_compose_dst=0 alloc_resample_dst=0 alloc_xmap=0 alloc_mask=0 key_hash=0x9f3a2b1c4d5e6f70
2026-08-14T04:02:11.000000Z INFO actor{actor=seriko}: areka_seriko::looper: seriko: loop 抽選発火（再生開始・先頭コマから・要件 2.1/2.2） scope="0" slot=Shell animation_id=1400 k=4
2026-08-14T04:02:11.000000Z DEBUG actor{actor="emo-text"}: areka_emo_present::presenter::timing: perf(apply_show): 段階別計時 target_id=TargetId(0) surface_id=1000 cache_hit=true t_cache_us=80 t_compose_us=0 t_resample_us=0 t_mask_us=0 t_upload_us=40 t_total_us=120 alloc_compose_dst=0 alloc_resample_dst=0 alloc_xmap=0 alloc_mask=0 key_hash=0x9f3a2b1c4d5e6f70
2026-08-14T04:02:11.172501Z DEBUG actor{actor="emo-text"}: areka_emo_present::presenter::timing: perf(apply_show): 段階別計時 target_id=TargetId(0) surface_id=1000 cache_hit=true t_cache_us=80 t_compose_us=0 t_resample_us=0 t_mask_us=0 t_upload_us=40 t_total_us=120 alloc_compose_dst=0 alloc_resample_dst=0 alloc_xmap=0 alloc_mask=0 key_hash=0x9f3a2b1c4d5e6f70
2026-08-14T04:02:12.000000Z INFO actor{actor=seriko}: areka_seriko::looper: seriko: loop 抽選発火（再生開始・先頭コマから・要件 2.1/2.2） scope="0" slot=Shell animation_id=1400 k=4
2026-08-14T04:02:12.000000Z DEBUG actor{actor="emo-text"}: areka_emo_present::presenter::timing: perf(apply_show): 段階別計時 target_id=TargetId(0) surface_id=1000 cache_hit=true t_cache_us=80 t_compose_us=0 t_resample_us=0 t_mask_us=0 t_upload_us=40 t_total_us=120 alloc_compose_dst=0 alloc_resample_dst=0 alloc_xmap=0 alloc_mask=0 key_hash=0x9f3a2b1c4d5e6f70
2026-08-14T04:02:12.172501Z DEBUG actor{actor="emo-text"}: areka_emo_present::presenter::timing: perf(apply_show): 段階別計時 target_id=TargetId(0) surface_id=1000 cache_hit=true t_cache_us=80 t_compose_us=0 t_resample_us=0 t_mask_us=0 t_upload_us=40 t_total_us=120 alloc_compose_dst=0 alloc_resample_dst=0 alloc_xmap=0 alloc_mask=0 key_hash=0x9f3a2b1c4d5e6f70
2026-08-14T04:02:13.000000Z INFO actor{actor=seriko}: areka_seriko::looper: seriko: loop 抽選発火（再生開始・先頭コマから・要件 2.1/2.2） scope="0" slot=Shell animation_id=1400 k=4
2026-08-14T04:02:13.000000Z DEBUG actor{actor="emo-text"}: areka_emo_present::presenter::timing: perf(apply_show): 段階別計時 target_id=TargetId(0) surface_id=1000 cache_hit=true t_cache_us=80 t_compose_us=0 t_resample_us=0 t_mask_us=0 t_upload_us=40 t_total_us=120 alloc_compose_dst=0 alloc_resample_dst=0 alloc_xmap=0 alloc_mask=0 key_hash=0x9f3a2b1c4d5e6f70
2026-08-14T04:02:13.172501Z DEBUG actor{actor="emo-text"}: areka_emo_present::presenter::timing: perf(apply_show): 段階別計時 target_id=TargetId(0) surface_id=1000 cache_hit=true t_cache_us=80 t_compose_us=0 t_resample_us=0 t_mask_us=0 t_upload_us=40 t_total_us=120 alloc_compose_dst=0 alloc_resample_dst=0 alloc_xmap=0 alloc_mask=0 key_hash=0x9f3a2b1c4d5e6f70
2026-08-14T04:02:14.000000Z INFO actor{actor=seriko}: areka_seriko::looper: seriko: loop 抽選発火（再生開始・先頭コマから・要件 2.1/2.2） scope="0" slot=Shell animation_id=1400 k=4
2026-08-14T04:02:14.000000Z DEBUG actor{actor="emo-text"}: areka_emo_present::presenter::timing: perf(apply_show): 段階別計時 target_id=TargetId(0) surface_id=1000 cache_hit=true t_cache_us=80 t_compose_us=0 t_resample_us=0 t_mask_us=0 t_upload_us=40 t_total_us=120 alloc_compose_dst=0 alloc_resample_dst=0 alloc_xmap=0 alloc_mask=0 key_hash=0x9f3a2b1c4d5e6f70
2026-08-14T04:02:14.172501Z DEBUG actor{actor="emo-text"}: areka_emo_present::presenter::timing: perf(apply_show): 段階別計時 target_id=TargetId(0) surface_id=1000 cache_hit=true t_cache_us=80 t_compose_us=0 t_resample_us=0 t_mask_us=0 t_upload_us=40 t_total_us=120 alloc_compose_dst=0 alloc_resample_dst=0 alloc_xmap=0 alloc_mask=0 key_hash=0x9f3a2b1c4d5e6f70
2026-08-14T04:02:15.000000Z INFO actor{actor=seriko}: areka_seriko::looper: seriko: loop 抽選発火（再生開始・先頭コマから・要件 2.1/2.2） scope="0" slot=Shell animation_id=1400 k=4
2026-08-14T04:02:15.000000Z DEBUG actor{actor="emo-text"}: areka_emo_present::presenter::timing: perf(apply_show): 段階別計時 target_id=TargetId(0) surface_id=1000 cache_hit=true t_cache_us=80 t_compose_us=0 t_resample_us=0 t_mask_us=0 t_upload_us=40 t_total_us=120 alloc_compose_dst=0 alloc_resample_dst=0 alloc_xmap=0 alloc_mask=0 key_hash=0x9f3a2b1c4d5e6f70
2026-08-14T04:02:15.172501Z DEBUG actor{actor="emo-text"}: areka_emo_present::presenter::timing: perf(apply_show): 段階別計時 target_id=TargetId(0) surface_id=1000 cache_hit=true t_cache_us=80 t_compose_us=0 t_resample_us=0 t_mask_us=0 t_upload_us=40 t_total_us=120 alloc_compose_dst=0 alloc_resample_dst=0 alloc_xmap=0 alloc_mask=0 key_hash=0x9f3a2b1c4d5e6f70
2026-08-14T04:02:16.000000Z INFO actor{actor=seriko}: areka_seriko::looper: seriko: loop 抽選発火（再生開始・先頭コマから・要件 2.1/2.2） scope="0" slot=Shell animation_id=1400 k=4
2026-08-14T04:02:16.000000Z DEBUG actor{actor="emo-text"}: areka_emo_present::presenter::timing: perf(apply_show): 段階別計時 target_id=TargetId(0) surface_id=1000 cache_hit=true t_cache_us=80 t_compose_us=0 t_resample_us=0 t_mask_us=0 t_upload_us=40 t_total_us=120 alloc_compose_dst=0 alloc_resample_dst=0 alloc_xmap=0 alloc_mask=0 key_hash=0x9f3a2b1c4d5e6f70
2026-08-14T04:02:16.172501Z DEBUG actor{actor="emo-text"}: areka_emo_present::presenter::timing: perf(apply_show): 段階別計時 target_id=TargetId(0) surface_id=1000 cache_hit=true t_cache_us=80 t_compose_us=0 t_resample_us=0 t_mask_us=0 t_upload_us=40 t_total_us=120 alloc_compose_dst=0 alloc_resample_dst=0 alloc_xmap=0 alloc_mask=0 key_hash=0x9f3a2b1c4d5e6f70
2026-08-14T04:02:17.000000Z INFO actor{actor=seriko}: areka_seriko::looper: seriko: loop 抽選発火（再生開始・先頭コマから・要件 2.1/2.2） scope="0" slot=Shell animation_id=1400 k=4
2026-08-14T04:02:17.000000Z DEBUG actor{actor="emo-text"}: areka_emo_present::presenter::timing: perf(apply_show): 段階別計時 target_id=TargetId(0) surface_id=1000 cache_hit=true t_cache_us=80 t_compose_us=0 t_resample_us=0 t_mask_us=0 t_upload_us=40 t_total_us=120 alloc_compose_dst=0 alloc_resample_dst=0 alloc_xmap=0 alloc_mask=0 key_hash=0x9f3a2b1c4d5e6f70
2026-08-14T04:02:17.172501Z DEBUG actor{actor="emo-text"}: areka_emo_present::presenter::timing: perf(apply_show): 段階別計時 target_id=TargetId(0) surface_id=1000 cache_hit=true t_cache_us=80 t_compose_us=0 t_resample_us=0 t_mask_us=0 t_upload_us=40 t_total_us=120 alloc_compose_dst=0 alloc_resample_dst=0 alloc_xmap=0 alloc_mask=0 key_hash=0x9f3a2b1c4d5e6f70
2026-08-14T04:02:18.000000Z INFO actor{actor=seriko}: areka_seriko::looper: seriko: loop 抽選発火（再生開始・先頭コマから・要件 2.1/2.2） scope="0" slot=Shell animation_id=1400 k=4
2026-08-14T04:02:18.000000Z DEBUG actor{actor="emo-text"}: areka_emo_present::presenter::timing: perf(apply_show): 段階別計時 target_id=TargetId(0) surface_id=1000 cache_hit=true t_cache_us=80 t_compose_us=0 t_resample_us=0 t_mask_us=0 t_upload_us=40 t_total_us=120 alloc_compose_dst=0 alloc_resample_dst=0 alloc_xmap=0 alloc_mask=0 key_hash=0x9f3a2b1c4d5e6f70
2026-08-14T04:02:18.172501Z DEBUG actor{actor="emo-text"}: areka_emo_present::presenter::timing: perf(apply_show): 段階別計時 target_id=TargetId(0) surface_id=1000 cache_hit=true t_cache_us=80 t_compose_us=0 t_resample_us=0 t_mask_us=0 t_upload_us=40 t_total_us=120 alloc_compose_dst=0 alloc_resample_dst=0 alloc_xmap=0 alloc_mask=0 key_hash=0x9f3a2b1c4d5e6f70
2026-08-14T04:02:19.000000Z INFO actor{actor=seriko}: areka_seriko::looper: seriko: loop 抽選発火（再生開始・先頭コマから・要件 2.1/2.2） scope="0" slot=Shell animation_id=1400 k=4
2026-08-14T04:02:19.000000Z DEBUG actor{actor="emo-text"}: areka_emo_present::presenter::timing: perf(apply_show): 段階別計時 target_id=TargetId(0) surface_id=1000 cache_hit=true t_cache_us=80 t_compose_us=0 t_resample_us=0 t_mask_us=0 t_upload_us=40 t_total_us=120 alloc_compose_dst=0 alloc_resample_dst=0 alloc_xmap=0 alloc_mask=0 key_hash=0x9f3a2b1c4d5e6f70
2026-08-14T04:02:19.172501Z DEBUG actor{actor="emo-text"}: areka_emo_present::presenter::timing: perf(apply_show): 段階別計時 target_id=TargetId(0) surface_id=1000 cache_hit=true t_cache_us=80 t_compose_us=0 t_resample_us=0 t_mask_us=0 t_upload_us=40 t_total_us=120 alloc_compose_dst=0 alloc_resample_dst=0 alloc_xmap=0 alloc_mask=0 key_hash=0x9f3a2b1c4d5e6f70
